git init -- allows you to run any git commands on that folder
git status -- shows the current tracked and untracked files
git add . -- adds every file in Git's tracking zone
git commit -m "message" -- stages the files to get pushed on next "push command"
.gitignore -- a file used to ignore the files which you don't want to get track of by Git.
git remote -- setting address of the location where the changes will be pushed to
git log -- shows the hash code and details about the recent commit
git reset -- makes all files untracked
git clone__ -- clones/copies the git files from internet to your computer
git branch -M main -- 
git remote add origin https://github.com/mdakram2001/GitCommands.git
git pull origin master -- to make sure you're up to date
git push -u origin main
git branch -- shows all branches
git branch Bname -- creates the branch with bname
git checkout Bname -- switches you to that branch
git checkout master -- moves to master branch
git pull origin master -- to make sure you're up to date on your master branch before you merge.
git branch --merge -- merging the branch
git merge Bname -- merging the branch



C:\Users\HP\Downloads\Sigma Web Development\Git and GitHub>cd ../

C:\Users\HP\Downloads\Sigma Web Development>"Git and GitHub"
'"Git and GitHub"' is not recognized as an internal or external command,
operable program or batch file.

C:\Users\HP\Downloads\Sigma Web Development>cd "Git and GitHub"

C:\Users\HP\Downloads\Sigma Web Development\Git and GitHub>cd ../

C:\Users\HP\Downloads\Sigma Web Development>cd "Git and GitHub"

C:\Users\HP\Downloads\Sigma Web Development\Git and GitHub>git init
Initialized empty Git repository in C:/Users/HP/Downloads/Sigma Web Development/Git and GitHub/.git/

C:\Users\HP\Downloads\Sigma Web Development\Git and GitHub>git status
On branch master

No commits yet

Untracked files:
  (use "git add <file>..." to include in what will be committed)
        commands.txt

nothing added to commit but untracked files present (use "git add" to track)

C:\Users\HP\Downloads\Sigma Web Development\Git and GitHub>git add .

C:\Users\HP\Downloads\Sigma Web Development\Git and GitHub>git status
On branch master

No commits yet

Changes to be committed:
  (use "git rm --cached <file>..." to unstage)
        new file:   commands.txt


C:\Users\HP\Downloads\Sigma Web Development\Git and GitHub>git commit -m "first commit"
[master (root-commit) a82d62b] first commit
 1 file changed, 42 insertions(+)
 create mode 100644 commands.txt

C:\Users\HP\Downloads\Sigma Web Development\Git and GitHub>git status
On branch master
nothing to commit, working tree clean

C:\Users\HP\Downloads\Sigma Web Development\Git and GitHub>git remote add origin https://github.com/mdakram2001/GitCommands.git

C:\Users\HP\Downloads\Sigma Web Development\Git and GitHub>git push -u origin main
error: src refspec main does not match any
error: failed to push some refs to 'https://github.com/mdakram2001/GitCommands.git'

C:\Users\HP\Downloads\Sigma Web Development\Git and GitHub>git branch -M main

C:\Users\HP\Downloads\Sigma Web Development\Git and GitHub>git remote add origin https://github.com/mdakram2001/GitCommands.git
error: remote origin already exists.

C:\Users\HP\Downloads\Sigma Web Development\Git and GitHub>git push -u origin main
Enumerating objects: 3, done.
Counting objects: 100% (3/3), done.
Delta compression using up to 2 threads
Compressing objects: 100% (2/2), done.
Writing objects: 100% (3/3), 768 bytes | 384.00 KiB/s, done.
Total 3 (delta 0), reused 0 (delta 0), pack-reused 0
To https://github.com/mdakram2001/GitCommands.git
 * [new branch]      main -> main
branch 'main' set up to track 'origin/main'.

C:\Users\HP\Downloads\Sigma Web Development\Git and GitHub>